// Jest Snapshot v1, https://goo.gl/fbAQLP

exports[`App Component Tests renders correctly 1`] = `
<View
  style={
    {
      "flex": 1,
      "paddingHorizontal": 15,
    }
  }
>
  <View
    style={
      {
        "alignItems": "center",
        "flexDirection": "row",
        "justifyContent": "space-between",
        "marginBottom": 20,
        "paddingTop": 30,
      }
    }
  >
    <View
      style={
        {
          "alignItems": "center",
          "borderColor": "#ccc",
          "borderRadius": 5,
          "borderWidth": 1,
          "flexDirection": "row",
          "paddingHorizontal": 10,
          "width": "80%",
        }
      }
    >
      <Text
        allowFontScaling={false}
        selectable={false}
        style={
          [
            {
              "color": "black",
              "fontSize": 24,
            },
            undefined,
            {
              "fontFamily": "anticon",
              "fontStyle": "normal",
              "fontWeight": "normal",
            },
            {},
          ]
        }
      >
        î™°
      </Text>
      <TextInput
        onChangeText={[Function]}
        placeholder="Enter name"
        style={
          {
            "color": "#333",
            "flex": 1,
            "height": 40,
          }
        }
        value=""
      />
    </View>
    <View
      accessibilityState={
        {
          "busy": undefined,
          "checked": undefined,
          "disabled": undefined,
          "expanded": undefined,
          "selected": undefined,
        }
      }
      accessibilityValue={
        {
          "max": undefined,
          "min": undefined,
          "now": undefined,
          "text": undefined,
        }
      }
      accessible={true}
      collapsable={false}
      focusable={true}
      onClick={[Function]}
      onResponderGrant={[Function]}
      onResponderMove={[Function]}
      onResponderRelease={[Function]}
      onResponderTerminate={[Function]}
      onResponderTerminationRequest={[Function]}
      onStartShouldSetResponder={[Function]}
      style={
        {
          "borderRadius": 5,
          "borderWidth": 1,
          "opacity": 1,
          "paddingHorizontal": 10,
          "paddingVertical": 5,
        }
      }
    >
      <Text>
        Search
      </Text>
    </View>
  </View>
  <View />
</View>
`;
